#-----------------------------------------------------------
# Vivado v2024.1 (64-bit)
# SW Build 5076996 on Wed May 22 18:37:14 MDT 2024
# IP Build 5075265 on Wed May 22 21:45:21 MDT 2024
# SharedData Build 5076995 on Wed May 22 18:29:18 MDT 2024
# Start of session at: Sat Dec  7 21:25:21 2024
# Process ID: 9212
# Current directory: D:/work/3/hw_lab/projfinaljingjing/hw_syn_lab_project/project_vgadude_test1.runs/synth_1
# Command line: vivado.exe -log top.vds -product Vivado -mode batch -messageDb vivado.pb -notrace -source top.tcl
# Log file: D:/work/3/hw_lab/projfinaljingjing/hw_syn_lab_project/project_vgadude_test1.runs/synth_1/top.vds
# Journal file: D:/work/3/hw_lab/projfinaljingjing/hw_syn_lab_project/project_vgadude_test1.runs/synth_1\vivado.jou
# Running On        :LAPTOP-EEU2ANOF
# Platform          :Windows Server 2016 or Windows 10
# Operating System  :22631
# Processor Detail  :AMD Ryzen 7 5800H with Radeon Graphics         
# CPU Frequency     :3194 MHz
# CPU Physical cores:8
# CPU Logical cores :16
# Host memory       :14877 MB
# Swap memory       :9126 MB
# Total Virtual     :24004 MB
# Available Virtual :10295 MB
#-----------------------------------------------------------
source top.tcl -notrace
