#-----------------------------------------------------------
# Vivado v2024.1 (64-bit)
# SW Build 5076996 on Wed May 22 18:37:14 MDT 2024
# IP Build 5075265 on Wed May 22 21:45:21 MDT 2024
# SharedData Build 5076995 on Wed May 22 18:29:18 MDT 2024
# Start of session at: Wed Dec  4 13:49:26 2024
# Process ID: 18388
# Current directory: C:/Users/com msi/Desktop/University/hw_lab/HW_SYS_LAB/project_vgadude_test1.runs/impl_1
# Command line: vivado.exe -log top.vdi -applog -product Vivado -messageDb vivado.pb -mode batch -source top.tcl -notrace
# Log file: C:/Users/com msi/Desktop/University/hw_lab/HW_SYS_LAB/project_vgadude_test1.runs/impl_1/top.vdi
# Journal file: C:/Users/com msi/Desktop/University/hw_lab/HW_SYS_LAB/project_vgadude_test1.runs/impl_1\vivado.jou
# Running On        :MSI
# Platform          :Windows Server 2016 or Windows 10
# Operating System  :22631
# Processor Detail  :Intel(R) Core(TM) i7-9750H CPU @ 2.60GHz
# CPU Frequency     :2592 MHz
# CPU Physical cores:6
# CPU Logical cores :12
# Host memory       :17014 MB
# Swap memory       :5100 MB
# Total Virtual     :22115 MB
# Available Virtual :7222 MB
#-----------------------------------------------------------
source top.tcl -notrace
